S D:\Git> git remote add origin https://github.com/vbvasu/awsgitubuntu.git
error: remote origin already exists.
PS D:\Git> git remote -v
origin  https://github.com/vbvasu/GitDemoVsCode.git (fetch)
origin  https://github.com/vbvasu/GitDemoVsCode.git (push)
PS D:\Git> git remote set-url https://github.com/vbvasu/awsgitubuntu.git
usage: git remote set-url [--push] <name> <newurl> [<oldurl>]
   or: git remote set-url --add <name> <newurl>
   or: git remote set-url --delete <name> <url>

    --push                manipulate push URLs
    --add                 add URL
    --delete              delete URLs

PS D:\Git> git remote set-url origin https://github.com/vbvasu/awsgitubuntu.git
PS D:\Git> git remote -v
origin  https://github.com/vbvasu/awsgitubuntu.git (fetch)
origin  https://github.com/vbvasu/awsgitubuntu.git (push)
PS D:\Git> git add .
PS D:\Git> git status
On branch master
Your branch is up to date with 'origin/master'.

Changes to be committed:
  (use "git restore --staged <file>..." to unstage)
        new file:   demo.txt

PS D:\Git> git commit -m "first commit"
[master 2ef9847] first commit
 1 file changed, 3 insertions(+)
 create mode 100644 demo.txt
PS D:\Git> git push -u origin master
Enumerating objects: 6, done.
Counting objects: 100% (6/6), done.
Delta compression using up to 8 threads
Compressing objects: 100% (4/4), done.
Writing objects: 100% (6/6), 535 bytes | 535.00 KiB/s, done.
Total 6 (delta 0), reused 0 (delta 0), pack-reused 0
To https://github.com/vbvasu/awsgitubuntu.git
 * [new branch]      master -> master
branch 'master' set up to track 'origin/master'.
PS D:\Git> git pull 
Already up to date.
PS D:\Git> git pull
remote: Enumerating objects: 4, done.
remote: Counting objects: 100% (4/4), done.
remote: Compressing objects: 100% (2/2), done.
remote: Total 3 (delta 0), reused 0 (delta 0), pack-reused 0
Unpacking objects: 100% (3/3), 715 bytes | 10.00 KiB/s, done.
From https://github.com/vbvasu/awsgitubuntu
   2ef9847..80c541f  master     -> origin/master
Updating 2ef9847..80c541f
Fast-forward
 fromgit | 5 +++++
 1 file changed, 5 insertions(+)
 create mode 100644 fromgit
PS D:\Git> ls      

    Directory: D:\Git

Mode                 LastWriteTime         Length Name
----                 -------------         ------ ----
-a---          06-09-2022    09:23             90 abcd.txt
-a---          27-09-2022    13:11             25 demo.txt
-a---          27-09-2022    13:47             44 fromgit

PS D:\Git> git pull -help
usage: git pull [<options>] [<repository> [<refspec>...]]

    -v, --verbose         be more verbose
    -q, --quiet           be more quiet
    --progress            force progress reporting
    --recurse-submodules[=<on-demand>]
                          control for recursive fetching of submodules

Options related to merging
    -r, --rebase[=(false|true|merges|interactive)]
                          incorporate changes by rebasing rather than merging
    -n                    do not show a diffstat at the end of the merge
    --stat                show a diffstat at the end of the merge
    --log[=<n>]           add (at most <n>) entries from shortlog to merge commit message
    --signoff[=...]       add a Signed-off-by trailer
    --squash              create a single commit instead of doing a merge
    --commit              perform a commit if the merge succeeds (default)
    --edit                edit message before committing
    --cleanup <mode>      how to strip spaces and #comments from message
    --ff                  allow fast-forward
    --ff-only             abort if fast-forward is not possible
    --verify              control use of pre-merge-commit and commit-msg hooks
    --verify-signatures   verify that the named commit has a valid GPG signature
    --autostash           automatically stash/stash pop before and after
    -s, --strategy <strategy>
                          merge strategy to use
    -X, --strategy-option <option=value>
                          option for selected merge strategy
    -S, --gpg-sign[=<key-id>]
                          GPG sign commit
    --allow-unrelated-histories
                          allow merging unrelated histories

Options related to fetching
    --all                 fetch from all remotes
    -a, --append          append to .git/FETCH_HEAD instead of overwriting
    --upload-pack <path>  path to upload pack on remote end
    -f, --force           force overwrite of local branch
    -t, --tags            fetch all tags and associated objects
    -p, --prune           prune remote-tracking branches no longer on remote
    -j, --jobs[=<n>]      number of submodules pulled in parallel
    --dry-run             dry run
    -k, --keep            keep downloaded pack
    --depth <depth>       deepen history of shallow clone
    --shallow-since <time>
                          deepen history of shallow repository based on time
    --shallow-exclude <revision>
                          deepen history of shallow clone, excluding rev
    --deepen <n>          deepen history of shallow clone
    --unshallow           convert to a complete repository
    --update-shallow      accept refs that update .git/shallow
    --refmap <refmap>     specify fetch refmap
    -o, --server-option <server-specific>
                          option to transmit
    -4, --ipv4            use IPv4 addresses only
    -6, --ipv6            use IPv6 addresses only
    --negotiation-tip <revision>
                          report that we have only objects reachable from this object
    --show-forced-updates
                          check for forced-updates on all updated branches
    --set-upstream        set upstream for git pull/fetch

PS D:\Git> git hash-object 
PS D:\Git> echo "hi" | git hash-object --stdin
edf0effbb6851d0055229878b4bf0d7212167642
PS D:\Git> echo "hi " | git hash-object --stdin
89985ee45b9f645b88036acc506c8ca315777381
PS D:\Git> echo "hi" | git hash-object --stdin 
edf0effbb6851d0055229878b4bf0d7212167642
PS D:\Git> git branch -m child1
PS D:\Git> git remote -v
origin  https://github.com/vbvasu/awsgitubuntu.git (fetch)
origin  https://github.com/vbvasu/awsgitubuntu.git (push)
PS D:\Git> type ab.txt
Get-Content: Cannot find path 'D:\Git\ab.txt' because it does not exist.
PS D:\Git> type "sxncbn" >ab.txt
Get-Content: Cannot find path 'D:\Git\sxncbn' because it does not exist.
PS D:\Git> copy con branchfile.txt
Copy-Item: Cannot find path 'D:\Git\con' because it does not exist.
PS D:\Git> New-Item branchfile.txt

    Directory: D:\Git

Mode                 LastWriteTime         Length Name
----                 -------------         ------ ----
-a---          27-09-2022    14:18              0 branchfile.txt

PS D:\Git> ls

    Directory: D:\Git

Mode                 LastWriteTime         Length Name
----                 -------------         ------ ----
-a---          27-09-2022    14:17              0 ab.txt
-a---          06-09-2022    09:23             90 abcd.txt
-a---          27-09-2022    14:18              0 branchfile.txt
-a---          27-09-2022    13:11             25 demo.txt
-a---          27-09-2022    13:47             44 fromgit

PS D:\Git> git add .
PS D:\Git> git status
On branch child1
Your branch is up to date with 'origin/master'.

Changes to be committed:
  (use "git restore --staged <file>..." to unstage)
        new file:   ab.txt
        new file:   branchfile.txt

PS D:\Git> git commit -m "my  branch commit"
[child1 063eb46] my  branch commit
 2 files changed, 0 insertions(+), 0 deletions(-)
 create mode 100644 ab.txt
 create mode 100644 branchfile.txt
PS D:\Git> git push -u origin child1
Enumerating objects: 4, done.
Counting objects: 100% (4/4), done.
Delta compression using up to 8 threads
Compressing objects: 100% (2/2), done.
Writing objects: 100% (3/3), 347 bytes | 347.00 KiB/s, done.
Total 3 (delta 0), reused 0 (delta 0), pack-reused 0
remote: 
remote: Create a pull request for 'child1' on GitHub by visiting:
remote:      https://github.com/vbvasu/awsgitubuntu/pull/new/child1
remote:
To https://github.com/vbvasu/awsgitubuntu.git
 * [new branch]      child1 -> child1
branch 'child1' set up to track 'origin/child1'.
PS D:\Git> git remote -v
origin  https://github.com/vbvasu/awsgitubuntu.git (fetch)
origin  https://github.com/vbvasu/awsgitubuntu.git (push)
PS D:\Git> git diff
PS D:\Git> git diff --help
PS D:\Git> git cat-file edf0effbb6851d0055229878b4bf0d7212167642 -t
fatal: git cat-file: could not get object info
PS D:\Git> git cat-file edf0effbb6851d0055229878b4bf0d7212167642 -p
fatal: Not a valid object name edf0effbb6851d0055229878b4bf0d7212167642
PS D:\Git> ls

    Directory: D:\Git

Mode                 LastWriteTime         Length Name
----                 -------------         ------ ----
-a---          27-09-2022    14:17              0 ab.txt
-a---          06-09-2022    09:23             90 abcd.txt
-a---          27-09-2022    14:18              0 branchfile.txt
-a---          27-09-2022    13:11             25 demo.txt
-a---          27-09-2022    13:47             44 fromgit

PS D:\Git> tree .
Folder PATH listing
Volume serial number is 2E25-6CB5
D:\GIT
No subfolders exist

PS D:\Git> git log
commit 063eb464268e5f2afb38eaa24a0fe9eeaa9d4578 (HEAD -> child1, origin/child1)
Author: ltiuser18 <Vb.Vasu@lntinfotech.com>
Date:   Tue Sep 27 14:18:58 2022 +0530

    my  branch commit

commit 80c541f7a06dc3f295e8657467692786da5c7197 (origin/master)
Author: VB VASU <82692467+vbvasu@users.noreply.github.com>
Date:   Tue Sep 27 13:47:11 2022 +0530

    Create fromgit

commit 2ef984739e49a671518f6bc3b1736c58892ae323
Author: ltiuser18 <Vb.Vasu@lntinfotech.com>
Date:   Tue Sep 27 13:15:53 2022 +0530

    first commit

commit 37079d65b2f417834e18cbe2d4ebe4cdfdfd6d72
Author: ltiuser18 <Vb.Vasu@lntinfotech.com>
Date:   Tue Sep 6 09:33:44 2022 +0530

    firstcommit
PS D:\Git> open .git
open: The term 'open' is not recognized as a name of a cmdlet, function, script file, or executable program.
Check the spelling of the name, or if a path was included, verify that the path is correct and try again.
PS D:\Git> git status
On branch child1
Your branch is up to date with 'origin/child1'.

nothing to commit, working tree clean
PS D:\Git> git status
On branch child1
Your branch is up to date with 'origin/child1'.

nothing to commit, working tree clean
PS D:\Git> git add . 
PS D:\Git> git status
On branch child1
Your branch is up to date with 'origin/child1'.

nothing to commit, working tree clean
PS D:\Git> git status
On branch child1
Your branch is up to date with 'origin/child1'.

Changes not staged for commit:
  (use "git add <file>..." to update what will be committed)
  (use "git restore <file>..." to discard changes in working directory)
        modified:   demo.txt

no changes added to commit (use "git add" and/or "git commit -a")
PS D:\Git> git status
On branch child1
Your branch is up to date with 'origin/child1'.

Changes not staged for commit:
  (use "git add <file>..." to update what will be committed)
  (use "git restore <file>..." to discard changes in working directory)
        modified:   demo.txt

no changes added to commit (use "git add" and/or "git commit -a")
PS D:\Git> git add . 
PS D:\Git> git status
On branch child1
Your branch is up to date with 'origin/child1'.

Changes to be committed:
  (use "git restore --staged <file>..." to unstage)
        modified:   demo.txt

PS D:\Git> git commit -m "modified"
[child1 d57c1eb] modified
 1 file changed, 4 insertions(+), 1 deletion(-)
PS D:\Git> git push -u origin master
error: src refspec master does not match any
error: failed to push some refs to 'https://github.com/vbvasu/awsgitubuntu.git'
PS D:\Git> git push -u origin branch
error: src refspec branch does not match any
error: failed to push some refs to 'https://github.com/vbvasu/awsgitubuntu.git'
PS D:\Git> git push -u origin master
error: src refspec master does not match any
error: failed to push some refs to 'https://github.com/vbvasu/awsgitubuntu.git'
PS D:\Git> git log
commit d57c1eb65681237f489e0b6ee0f11ed4d20df47c (HEAD -> child1)
Author: ltiuser18 <Vb.Vasu@lntinfotech.com>
Date:   Tue Sep 27 14:46:08 2022 +0530

    modified

commit 063eb464268e5f2afb38eaa24a0fe9eeaa9d4578 (origin/child1)
Author: ltiuser18 <Vb.Vasu@lntinfotech.com>
Date:   Tue Sep 27 14:18:58 2022 +0530

    my  branch commit

commit 80c541f7a06dc3f295e8657467692786da5c7197 (origin/master)
Author: VB VASU <82692467+vbvasu@users.noreply.github.com>
Date:   Tue Sep 27 13:47:11 2022 +0530

    Create fromgit

commit 2ef984739e49a671518f6bc3b1736c58892ae323
Author: ltiuser18 <Vb.Vasu@lntinfotech.com>
Date:   Tue Sep 27 13:15:53 2022 +0530

    first commit

commit 37079d65b2f417834e18cbe2d4ebe4cdfdfd6d72
Author: ltiuser18 <Vb.Vasu@lntinfotech.com>
Date:   Tue Sep 6 09:33:44 2022 +0530

    firstcommit
PS D:\Git> git push -u origin master
error: src refspec master does not match any
error: failed to push some refs to 'https://github.com/vbvasu/awsgitubuntu.git'
PS D:\Git> git branch
* child1
PS D:\Git> git checkout master
Switched to a new branch 'master'
branch 'master' set up to track 'origin/master'.
PS D:\Git> git push -u origin master
To https://github.com/vbvasu/awsgitubuntu.git
 ! [rejected]        master -> master (fetch first)
error: failed to push some refs to 'https://github.com/vbvasu/awsgitubuntu.git'
hint: Updates were rejected because the remote contains work that you do
hint: not have locally. This is usually caused by another repository pushing
hint: to the same ref. You may want to first integrate the remote changes
hint: (e.g., 'git pull ...') before pushing again.
hint: See the 'Note about fast-forwards' in 'git push --help' for details.
PS D:\Git> git pull
remote: Enumerating objects: 1, done.
remote: Counting objects: 100% (1/1), done.
remote: Total 1 (delta 0), reused 0 (delta 0), pack-reused 0
Unpacking objects: 100% (1/1), 624 bytes | 22.00 KiB/s, done.
From https://github.com/vbvasu/awsgitubuntu
   80c541f..6eaf60e  master     -> origin/master
Updating 80c541f..6eaf60e
Fast-forward
 ab.txt         | 0
 branchfile.txt | 0
 2 files changed, 0 insertions(+), 0 deletions(-)
 create mode 100644 ab.txt
 create mode 100644 branchfile.txt
PS D:\Git> git push -u origin master
Everything up-to-date
branch 'master' set up to track 'origin/master'.
PS D:\Git> git status
On branch master
Your branch is up to date with 'origin/master'.

Untracked files:
  (use "git add <file>..." to include in what will be committed)
        demo_vsc

nothing added to commit but untracked files present (use "git add" to track)
PS D:\Git> git add .
PS D:\Git> git status
On branch master
Your branch is up to date with 'origin/master'.

Changes to be committed:
  (use "git restore --staged <file>..." to unstage)
        new file:   demo_vsc

PS D:\Git> git commit -m "ajhsc"
[master bffee93] ajhsc
 1 file changed, 6 insertions(+)
 create mode 100644 demo_vsc
PS D:\Git> git status
On branch master
Your branch is ahead of 'origin/master' by 1 commit.
  (use "git push" to publish your local commits)

nothing to commit, working tree clean
PS D:\Git> git push -u origin master
Enumerating objects: 4, done.
Counting objects: 100% (4/4), done.
Delta compression using up to 8 threads
Compressing objects: 100% (3/3), done.
Writing objects: 100% (3/3), 312 bytes | 312.00 KiB/s, done.
Total 3 (delta 1), reused 0 (delta 0), pack-reused 0
remote: Resolving deltas: 100% (1/1), completed with 1 local object.
To https://github.com/vbvasu/awsgitubuntu.git
   6eaf60e..bffee93  master -> master
branch 'master' set up to track 'origin/master'.
PS D:\Git> ls                       

    Directory: D:\Git

Mode                 LastWriteTime         Length Name
----                 -------------         ------ ----
-a---          27-09-2022    16:11              0 ab.txt
-a---          06-09-2022    09:23             90 abcd.txt
-a---          27-09-2022    16:11              0 branchfile.txt
-a---          27-09-2022    16:12             71 demo_vsc
-a---          27-09-2022    16:11             25 demo.txt
-a---          27-09-2022    13:47             44 fromgit

PS D:\Git> git switch
fatal: missing branch or commit argument
PS D:\Git> git branch
  child1
* master
PS D:\Git> git switch child1
Switched to branch 'child1'
Your branch is ahead of 'origin/child1' by 1 commit.
  (use "git push" to publish your local commits)
PS D:\Git> git branch       
* child1
  master
PS D:\Git> git switch master
Switched to branch 'master'
Your branch is up to date with 'origin/master'.
PS D:\Git> git branch       
  child1
* master